================================================================================
ENHANCED ADS CONNECTION TEST - SYMBOL DISCOVERY DIAGNOSTICS
================================================================================
Target: 5.112.50.143.1.1:851

Γ£ô Connection opened successfully
ΓÜá Device info unavailable: 'tuple' object has no attribute 'name'

================================================================================
DISCOVERING SYMBOLS
================================================================================
Γ£ô Found 27 total symbols

STATISTICS:
  Total symbols: 27
  With comments: 17
  With HMI markers: 4
  With {attribute} syntax: 0
  With extracted attributes: 0

HMI CATEGORY BREAKDOWN:
  HMI_SP: 1 symbols
  HMI_PV: 1 symbols
  HMI_SWITCH: 1 symbols
  HMI_ALARM: 1 symbols

================================================================================
CHECKING EXPECTED SYMBOLS FROM example_plc_code.st
================================================================================

SETPOINTS (HMI_SP):
--------------------------------------------------------------------------------

  Γ£ô GVL.TemperaturSetpunkt
      Type: <class 'ctypes.c_float'>
      Value: 25.0
      HMI Category: SETPOINT
      Extracted Attributes: None
      Comment Length: 266 chars
      Comment Preview: ========================================
 SETPOINTS (HMI_SP)
 ========================================
 Temperature setpoint with alarms
 Critical high alarm at 95├é┬░C
 High alarm at 85├é┬░C
 Low a...

  ΓÜá GVL.TrykSetpunkt
      Type: <class 'ctypes.c_float'>
      Value: 5.0
      HMI Marker: NOT FOUND
      Extracted Attributes: None
      Comment Length: 17 chars
      Comment Preview: Pressure setpoint...

  ΓÜá GVL.FlowSetpunkt
      Type: <class 'ctypes.c_float'>
      Value: 100.0
      HMI Marker: NOT FOUND
      Extracted Attributes: None
      Comment Length: 13 chars
      Comment Preview: Flow setpoint...

PROCESS VALUES (HMI_PV):
--------------------------------------------------------------------------------

  Γ£ô GVL.Temperatur_1
      Type: <class 'ctypes.c_float'>
      Value: 23.5
      HMI Category: PROCESS_VALUE
      Extracted Attributes: None
      Comment Length: 263 chars
      Comment Preview: ========================================
 PROCESS VALUES (HMI_PV)
 ========================================
 Temperature process value with alarms
 Critical high at 98├é┬░C
 Warning high at 90├é┬░C
...

  ΓÜá GVL.Temperatur_2
      Type: <class 'ctypes.c_float'>
      Value: 24.0
      HMI Marker: NOT FOUND
      Extracted Attributes: None
      Comment Length: 25 chars
      Comment Preview: Second temperature sensor...

  ΓÜá GVL.Tryk_1
      Type: <class 'ctypes.c_float'>
      Value: 5.0
      HMI Marker: NOT FOUND
      Extracted Attributes: None
      Comment Length: 45 chars
      Comment Preview: Pressure with high alarm only
 High priority...

  ΓÜá GVL.Flow_1
      Type: <class 'ctypes.c_float'>
      Value: 100.0
      HMI Marker: NOT FOUND
      Extracted Attributes: None
      Comment Length: 16 chars
      Comment Preview: Flow measurement...

  ΓÜá GVL.Niveau_1
      Type: <class 'ctypes.c_float'>
      Value: 50.0
      HMI Marker: NOT FOUND
      Extracted Attributes: None
      Comment Length: 29 chars
      Comment Preview: Level measurement (no alarms)...

SWITCHES (HMI_SWITCH):
--------------------------------------------------------------------------------

  Γ£ô GVL.DriftMode
      Type: <class 'ctypes.c_short'>
      Value: 1
      HMI Category: SWITCH
      Extracted Attributes: None
      Comment Length: 133 chars
      Comment Preview: ========================================
 SWITCHES (HMI_SWITCH)
 ========================================
 Operating mode selector...

  ΓÜá GVL.PumpeValg
      Type: <class 'ctypes.c_short'>
      Value: 0
      HMI Marker: NOT FOUND
      Extracted Attributes: None
      Comment Length: 13 chars
      Comment Preview: Pump selector...

  ΓÜá GVL.Prioritet
      Type: <class 'ctypes.c_short'>
      Value: 0
      HMI Marker: NOT FOUND
      Extracted Attributes: None
      Comment Length: 17 chars
      Comment Preview: Priority selector...

ALARMS (HMI_ALARM):
--------------------------------------------------------------------------------

  Γ£ô GVL.Motor1Fejl
      Type: <class 'ctypes.c_bool'>
      Value: False
      HMI Category: ALARM
      Extracted Attributes: None
      Comment Length: 143 chars
      Comment Preview: ========================================
 DIGITAL ALARMS (HMI_ALARM)
 ========================================
 Motor fault alarm
 Critical...

  ΓÜá GVL.NodStop
      Type: <class 'ctypes.c_bool'>
      Value: False
      HMI Marker: NOT FOUND
      Extracted Attributes: None
      Comment Length: 25 chars
      Comment Preview: Emergency stop
 Critical...

  ΓÜá GVL.LavtOlieTryk
      Type: <class 'ctypes.c_bool'>
      Value: False
      HMI Marker: NOT FOUND
      Extracted Attributes: None
      Comment Length: 23 chars
      Comment Preview: Low oil pressure
 High...

  ΓÜá GVL.FilterAdvarsel
      Type: <class 'ctypes.c_bool'>
      Value: False
      HMI Marker: NOT FOUND
      Extracted Attributes: None
      Comment Length: 23 chars
      Comment Preview: Filter warning
 Medium...

  ΓÜá GVL.VedligeholdPaamindelse
      Type: <class 'ctypes.c_bool'>
      Value: False
      HMI Marker: NOT FOUND
      Extracted Attributes: None
      Comment Length: 26 chars
      Comment Preview: Maintenance reminder
 Low...

================================================================================
ALL SYMBOLS WITH HMI MARKERS (detailed)
================================================================================


HMI_SP (1 symbols):
--------------------------------------------------------------------------------

  Symbol: GVL.TemperaturSetpunkt
  Type: <class 'ctypes.c_float'>
  Current Value: 25.0
  Extracted Attributes: None
  Comment (266 chars):
    ========================================
     SETPOINTS (HMI_SP)
     ========================================
     Temperature setpoint with alarms
     Critical high alarm at 95├é┬░C
     High alarm at 85├é┬░C
     Low alarm at 10├é┬░C
     Critical low alarm at 5├é┬░C
     Priority 1 = Critical

HMI_PV (1 symbols):
--------------------------------------------------------------------------------

  Symbol: GVL.Temperatur_1
  Type: <class 'ctypes.c_float'>
  Current Value: 23.5
  Extracted Attributes: None
  Comment (263 chars):
    ========================================
     PROCESS VALUES (HMI_PV)
     ========================================
     Temperature process value with alarms
     Critical high at 98├é┬░C
     Warning high at 90├é┬░C
     Warning low at 5├é┬░C
     Critical low at 2├é┬░C
     Critical priority

HMI_SWITCH (1 symbols):
--------------------------------------------------------------------------------

  Symbol: GVL.DriftMode
  Type: <class 'ctypes.c_short'>
  Current Value: 1
  Extracted Attributes: None
  Comment (133 chars):
    ========================================
     SWITCHES (HMI_SWITCH)
     ========================================
     Operating mode selector

HMI_ALARM (1 symbols):
--------------------------------------------------------------------------------

  Symbol: GVL.Motor1Fejl
  Type: <class 'ctypes.c_bool'>
  Current Value: False
  Extracted Attributes: None
  Comment (143 chars):
    ========================================
     DIGITAL ALARMS (HMI_ALARM)
     ========================================
     Motor fault alarm
     Critical

================================================================================
DIAGNOSIS SUMMARY
================================================================================

Expected symbols: 16
Found in PLC: 16
With HMI markers: 4
With extracted attributes: 0

Γ¥î ISSUE 2: Symbols found but HMI markers missing from comments
   ΓåÆ TwinCAT may not be exporting {attribute 'HMI_XX'} in comments
   ΓåÆ Check PLC code has {attribute 'HMI_SP'} etc. above variables

ΓÜá∩╕Å  ISSUE 3: HMI markers found but detailed attributes not extracted
   ΓåÆ TwinCAT exports attribute markers but not full {attribute 'Unit' := '┬░C'} syntax
   ΓåÆ This is EXPECTED behavior - attributes are compile-time metadata
   ΓåÆ Solution: Use symbol_auto_config.py to parse from comment text


Γ£ô Diagnostic test completed
================================================================================

Press Enter to exit...
